{"news":[{"_id":"perplexity-1769250943296-0","title":"Moscow Launches 101 Drones Over Ukraine, Killing at Least Five in Overnight Attacks","excerpt":"Russia launched 101 drones over Ukraine overnight, resulting in at least five deaths as Kyiv targeted Russia's energy infrastructure. Ukraine's armed forces reported shooting down 76 drones while 12 hit locations. The attacks highlight ongoing escalation in the conflict.[1]","category":"World","source":"Euronews","url":"https://www.youtube.com/watch?v=YHodzoIl1pw","bannerImage":"https://source.unsplash.com/800x600/?general,news","publishedAt":"2026-01-24","author":{"_id":"perplexity-ai","name":"Euronews","avatar":"https://ui-avatars.com/api/?name=Global+News&background=random"},"tags":["general"],"views":0,"likes":[],"isExternal":true},{"_id":"perplexity-1769250943296-1","title":"World Economic Forum in Davos Marked by Tense US-Europe Relations Over Trade and Greenland","excerpt":"The World Economic Forum in Davos occurred amid heightened tensions, with Europe and the US clashing over trade policies and US interest in Greenland. Discussions raised fears of a trade war between historic partners, despite Washington backtracking on some tariffs.[1]","category":"Politics","source":"Euronews","url":"https://www.youtube.com/watch?v=YHodzoIl1pw","bannerImage":"https://source.unsplash.com/800x600/?general,news","publishedAt":"2026-01-24","author":{"_id":"perplexity-ai","name":"Euronews","avatar":"https://ui-avatars.com/api/?name=Global+News&background=random"},"tags":["general"],"views":0,"likes":[],"isExternal":true},{"_id":"perplexity-1769250943296-2","title":"Trump Stirs Talk of 'New World Order' at Davos, Threatens Tariffs on Switzerland and Denmark Over Greenland","excerpt":"President Trump at the World Economic Forum threatened tariffs on Switzerland and pressured Denmark over US control of Greenland, imperiling NATO ties. He ultimately lowered some tariffs but warned of consequences, prompting concerns over US reliability from allies.[3]","category":"Politics","source":"The Intelligencer","url":"https://www.theintelligencer.net/news/top-headlines/2026/01/trump-stirs-talk-of-new-world-order-as-leaders-signal-shifting-global-alliances/","bannerImage":"https://source.unsplash.com/800x600/?general,news","publishedAt":"2026-01-24","author":{"_id":"perplexity-ai","name":"The Intelligencer","avatar":"https://ui-avatars.com/api/?name=Global+News&background=random"},"tags":["general"],"views":0,"likes":[],"isExternal":true},{"_id":"perplexity-1769250943296-3","title":"Elon Musk Takes Questions in Shock Appearance at World Economic Forum in Davos","excerpt":"Elon Musk made a surprise appearance at the Davos World Economic Forum, taking questions amid global discussions. The event coincides with high-profile political speeches and shifting alliances.[2]","category":"Business","source":"Forbes Breaking News via National News Desk","url":"https://www.youtube.com/watch?v=5CEXafZscpw","bannerImage":"https://source.unsplash.com/800x600/?general,news","publishedAt":"2026-01-24","author":{"_id":"perplexity-ai","name":"Forbes Breaking News via National News Desk","avatar":"https://ui-avatars.com/api/?name=Global+News&background=random"},"tags":["general"],"views":0,"likes":[],"isExternal":true},{"_id":"perplexity-1769250943297-4","title":"Scale of Iran's Nationwide Protests and Bloody Crackdown Comes into Focus Amid Internet Blackout","excerpt":"Iranian authorities reported 3,117 killed in nationwide protests, including 2,427 civilians and security forces, with 690 labeled as terrorists. Protests involved over 400 cities, met with gunfire and repression despite many being peaceful.[5]","category":"World","source":"KSAT","url":"https://www.ksat.com/news/world/2026/01/24/scale-of-irans-nationwide-protests-and-bloody-crackdown-come-into-focus-even-as-internet-is-out/","bannerImage":"https://source.unsplash.com/800x600/?general,news","publishedAt":"2026-01-24","author":{"_id":"perplexity-ai","name":"KSAT","avatar":"https://ui-avatars.com/api/?name=Global+News&background=random"},"tags":["general"],"views":0,"likes":[],"isExternal":true},{"_id":"perplexity-1769250943297-5","title":"US Aircraft Carrier and Warships Approach Mideast as Trump Eyes Potential Strike on Iran","excerpt":"An American aircraft carrier and warships are heading to the Mideast, potentially enabling Trump to launch attacks on Iran following last year's bombings of nuclear sites. The move comes amid Iran's crackdown on protests, risking a new regional war.[5]","category":"Politics","source":"KSAT","url":"https://www.ksat.com/news/world/2026/01/24/scale-of-irans-nationwide-protests-and-bloody-crackdown-come-into-focus-even-as-internet-is-out/","bannerImage":"https://source.unsplash.com/800x600/?general,news","publishedAt":"2026-01-24","author":{"_id":"perplexity-ai","name":"KSAT","avatar":"https://ui-avatars.com/api/?name=Global+News&background=random"},"tags":["general"],"views":0,"likes":[],"isExternal":true},{"_id":"perplexity-1769250943297-6","title":"Trump Threatens California Intervention and Declares World Safer Under New 'Board of Peace'","excerpt":"President Trump stated plans to help California directly, calling out its leadership, while claiming the world is safer with a new Board of Peace forging everlasting peace. He noted nearly every country wants to participate.[2]","category":"Politics","source":"National News Desk","url":"https://www.youtube.com/watch?v=5CEXafZscpw","bannerImage":"https://source.unsplash.com/800x600/?general,news","publishedAt":"2026-01-24","author":{"_id":"perplexity-ai","name":"National News Desk","avatar":"https://ui-avatars.com/api/?name=Global+News&background=random"},"tags":["general"],"views":0,"likes":[],"isExternal":true},{"_id":"perplexity-1769250943297-7","title":"DHS Arrests Dozens Targeting 1,400 in Major Operation, Draws Senatorial Scrutiny","excerpt":"The Department of Homeland Security arrested dozens as part of an operation targeting 1,400 people. Democratic Senator Richard Blumenthal called for oversight on the actions.[2]","category":"Politics","source":"National News Desk","url":"https://www.youtube.com/watch?v=5CEXafZscpw","bannerImage":"https://source.unsplash.com/800x600/?general,news","publishedAt":"2026-01-24","author":{"_id":"perplexity-ai","name":"National News Desk","avatar":"https://ui-avatars.com/api/?name=Global+News&background=random"},"tags":["general"],"views":0,"likes":[],"isExternal":true},{"_id":"perplexity-1769250943297-8","title":"Trump Lashes Out at Canada Over Criticism, Warns of China Influence","excerpt":"Trump rebuked Canadian leaders, stating Canada 'lives because of the United States' and warning China will 'eat them up' amid ties with Beijing. Responses from figures like Mark Carney highlight shifting global alliances.[3]","category":"Politics","source":"The Intelligencer","url":"https://www.theintelligencer.net/news/top-headlines/2026/01/trump-stirs-talk-of-new-world-order-as-leaders-signal-shifting-global-alliances/","bannerImage":"https://source.unsplash.com/800x600/?general,news","publishedAt":"2026-01-24","author":{"_id":"perplexity-ai","name":"The Intelligencer","avatar":"https://ui-avatars.com/api/?name=Global+News&background=random"},"tags":["general"],"views":0,"likes":[],"isExternal":true},{"_id":"perplexity-1769250943297-9","title":"Arctic Bomb Storm Set to Bring Snow, Sleet, and Freezing Rain to Half of US","excerpt":"An Arctic bomb is poised to unleash severe weather including snow, sleet, and freezing rain across more than half the US. The storm threatens significant disruptions.[2]","category":"Weather","source":"National News Desk","url":"https://www.youtube.com/watch?v=5CEXafZscpw","bannerImage":"https://source.unsplash.com/800x600/?general,news","publishedAt":"2026-01-24","author":{"_id":"perplexity-ai","name":"National News Desk","avatar":"https://ui-avatars.com/api/?name=Global+News&background=random"},"tags":["general"],"views":0,"likes":[],"isExternal":true}],"source":"perplexity","total":10}
